level=error msg="panic - pitaya/dispatch: methodName=Login panicData=runtime
error: invalid memory address or nil pointer derefe
rence stackTrace=\"goroutine 95 [running]:\\n
runtime/debug.Stack()\\n\\t
D:/go-version/go/src/runtime/debug/stack.go:26 +0x5e\\n
github.com/topfreegames/pitaya/v2/
util.Pcall.func1()\\n\\t
C:/Users/Administrator/go/pkg/mod/github.com/topfreegames/pitaya/v2@v2.11.24/util/util.go:68 +0x6f\\npanic({0x7ff7cb467ba0?, 0x7ff7cc0fcc
80?})\\n\\t
D:/go-version/go/src/runtime/panic.go:860 +0x13a\\n
gomoku/internal/app/auth.(*Component).Login(0x10aac8b33ba0, {0x7ff7cb687cc8, 0x10aac8dac480}, 0x10a
ac8cc80e0)\\n\\t
D:/AI/game/gomoku/internal/app/auth/auth.go:71 +0x31a\\n
reflect.Value.call({0x10aac8b40900?, 0x10aac88747e0?, 0x10aac89d3a98?}, {0x7ff7cb608754,
0x4}, {0x10aac8b40000, 0x3, 0x7ff7ca6e14d7?})\\n\\t
D:/go-version/go/src/reflect/value.go:586 +0xf0c\\n
reflect.Value.Call({0x10aac8b40900?, 0x10aac88747e0?, 0x1fc
e62b3ac8?}, {0x10aac8b40000?, 0x10800aac89d3af8?, 0x1fce6353860?})\\n\\t
D:/go-version/go/src/reflect/value.go:369 +0xb9\\ngithub.com/topfreegames/pitaya/v2/util.
Pcall({{0x7ff7cb35ad32, 0x5}, {0x0, 0x0}, {0x7ff7cb6a41e8, 0x10aac8b40900}, {0x10aac8b40900, 0x10aac88747e0, 0x13}, 0x3}, ...)\\n\\tC:/Users/Administrator/go/pkg
/mod/github.com/topfreegames/pitaya/v2@v2.11.24/util/util.go:81 +0x113\\ngithub.com/topfreegames/pitaya/v2/service.(*HandlerPool).ProcessHandlerMessage(0x10aac88
74730, {0x7ff7cb687cc8, 0x10aac8d9c5d0}, 0x10aac8d9c600, {0x7ff7cb684130, 0x7ff7cc17e5e0}, 0x10aac8bf09e0, {0x7ff7cb6a4638, 0x10aac8a301e0}, {0x10aac8b64251, ...
}, ...)\\n\\t
C:/Users/Administrator/go/pkg/mod/github.com/topfreegames/pitaya/v2@v2.11.24/service/handler_pool.go:95 +0x825\\ngithub.com/topfreegames/pitaya/v2/s
ervice.(*HandlerService).localProcess(0x10aac8a26630, {0x7ff7cb687cc8, 0x10aac8d9c5d0}, {0x7ff7cb6977f8, 0x10aac8d342a0}, 0x10aac8d9c600, 0x10aac8ec0140)\\n\\tC:
/Users/Administrator/go/pkg/mod/github.com/topfreegames/pitaya/v2@v2.11.24/service/handler.go:378 +0x105\\ngithub.com/topfreegames/pitaya/v2/service.(*HandlerSer
vice).Dispatch(0x10aac8a26630, 0x0?)\\n\\t
C:/Users/Administrator/go/pkg/mod/github.com/topfreegames/pitaya/v2@v2.11.24/service/handler.go:138 +0x2f4\\ncreated by
 github.com/topfreegames/pitaya/v2.(*App).listen in goroutine 1\\n\\t
 C:/Users/Administrator/go/pkg/mod/github.com/topfreegames/pitaya/v2@v2.11.24/app.go:404 +0x145\\n\"" requestId=MUxaSntDUkkVJApTc5chJB route=room.auth.login userId=
time="2026-08-22T14:46:38+08:00" level=error msg="Failed to process handler message: rpc call internal error - Login: runtime error: invalid memory address or nil pointer dereference"
